\BOOKMARK [0][-]{chapter.1}{\376\377\004\022\004\062\004\065\004\064\004\065\004\075\004\070\004\065}{}% 1
\BOOKMARK [0][-]{chapter.2}{\376\377\000S\000y\000s\000t\000e\000m\000\040\000A\000r\000c\000h\000i\000t\000e\000c\000t\000u\000r\000e\000:\000\040\000S\000u\000r\000y\000p\000u\000s\000\040\000E\000R\000P\000/\000C\000R\000M}{}% 2
\BOOKMARK [1][-]{section.2.1}{\376\377\004\020\004\100\004\105\004\070\004\102\004\065\004\072\004\102\004\103\004\100\004\075\004\113\004\065\000\040\004\077\004\100\004\070\004\075\004\106\004\070\004\077\004\113}{chapter.2}% 3
\BOOKMARK [2][-]{subsection.2.1.1}{\376\377\004\041\004\073\004\076\004\070\000\040\004\101\004\070\004\101\004\102\004\065\004\074\004\113\000\040\000\050\000L\000a\000y\000e\000r\000\040\000S\000e\000p\000a\000r\000a\000t\000i\000o\000n\000\051}{section.2.1}% 4
\BOOKMARK [1][-]{section.2.2}{\376\377\004\041\004\105\004\065\004\074\004\060\000\040\004\064\004\060\004\075\004\075\004\113\004\105\000\040\000\050\000D\000a\000t\000a\000b\000a\000s\000e\000\040\000S\000c\000h\000e\000m\000a\000\051}{chapter.2}% 5
\BOOKMARK [1][-]{section.2.3}{\376\377\000E\000v\000e\000n\000t\000\040\000S\000o\000u\000r\000c\000i\000n\000g}{chapter.2}% 6
\BOOKMARK [1][-]{section.2.4}{\376\377\004\021\004\065\004\067\004\076\004\077\004\060\004\101\004\075\004\076\004\101\004\102\004\114\000\040\000\050\000S\000e\000c\000u\000r\000i\000t\000y\000\051}{chapter.2}% 7
\BOOKMARK [1][-]{section.2.5}{\376\377\004\023\004\065\004\075\004\065\004\100\004\060\004\106\004\070\004\117\000\040\004\076\004\102\004\107\004\065\004\102\004\076\004\062}{chapter.2}% 8
\BOOKMARK [0][-]{chapter.3}{\376\377\000S\000u\000r\000y\000p\000u\000s\000\040\000E\000R\000P\000\040\000A\000P\000I\000\040\000D\000o\000c\000u\000m\000e\000n\000t\000a\000t\000i\000o\000n}{}% 9
\BOOKMARK [1][-]{section.3.1}{\376\377\000O\000v\000e\000r\000v\000i\000e\000w}{chapter.3}% 10
\BOOKMARK [1][-]{section.3.2}{\376\377\000B\000a\000s\000e\000\040\000U\000R\000L}{chapter.3}% 11
\BOOKMARK [1][-]{section.3.3}{\376\377\000A\000u\000t\000h\000e\000n\000t\000i\000c\000a\000t\000i\000o\000n}{chapter.3}% 12
\BOOKMARK [1][-]{section.3.4}{\376\377\000E\000n\000d\000p\000o\000i\000n\000t\000s}{chapter.3}% 13
\BOOKMARK [2][-]{subsection.3.4.1}{\376\377\000H\000e\000a\000l\000t\000h\000\040\000C\000h\000e\000c\000k}{section.3.4}% 14
\BOOKMARK [2][-]{subsection.3.4.2}{\376\377\000A\000c\000c\000o\000u\000n\000t\000i\000n\000g\000\040\000A\000P\000I}{section.3.4}% 15
\BOOKMARK [2][-]{subsection.3.4.3}{\376\377\000I\000n\000v\000e\000n\000t\000o\000r\000y\000\040\000A\000P\000I}{section.3.4}% 16
\BOOKMARK [2][-]{subsection.3.4.4}{\376\377\000T\000a\000x\000\040\000A\000P\000I}{section.3.4}% 17
\BOOKMARK [2][-]{subsection.3.4.5}{\376\377\000R\000e\000p\000o\000r\000t\000s\000\040\000A\000P\000I}{section.3.4}% 18
\BOOKMARK [2][-]{subsection.3.4.6}{\376\377\000I\000n\000t\000e\000g\000r\000a\000t\000i\000o\000n\000\040\000A\000P\000I}{section.3.4}% 19
\BOOKMARK [1][-]{section.3.5}{\376\377\000R\000u\000n\000n\000i\000n\000g\000\040\000t\000h\000e\000\040\000S\000e\000r\000v\000e\000r}{chapter.3}% 20
\BOOKMARK [1][-]{section.3.6}{\376\377\000T\000e\000s\000t\000i\000n\000g}{chapter.3}% 21
\BOOKMARK [1][-]{section.3.7}{\376\377\000S\000t\000a\000t\000u\000s}{chapter.3}% 22
\BOOKMARK [0][-]{chapter.4}{\376\377\000R\000o\000l\000e\000-\000B\000a\000s\000e\000d\000\040\000A\000c\000c\000e\000s\000s\000\040\000C\000o\000n\000t\000r\000o\000l\000\040\000\050\000R\000B\000A\000C\000\051\000\040\000S\000y\000s\000t\000e\000m}{}% 23
\BOOKMARK [1][-]{section.4.1}{\376\377\000O\000v\000e\000r\000v\000i\000e\000w}{chapter.4}% 24
\BOOKMARK [1][-]{section.4.2}{\376\377\000R\000o\000l\000e\000\040\000H\000i\000e\000r\000a\000r\000c\000h\000y}{chapter.4}% 25
\BOOKMARK [2][-]{subsection.4.2.1}{\376\377\0001\000.\000\040\000A\000d\000m\000i\000n\000\040\000\050\000R\000o\000l\000e\000A\000d\000m\000i\000n\000\051}{section.4.2}% 26
\BOOKMARK [2][-]{subsection.4.2.2}{\376\377\0002\000.\000\040\000M\000a\000n\000a\000g\000e\000r\000\040\000\050\000R\000o\000l\000e\000M\000a\000n\000a\000g\000e\000r\000\051}{section.4.2}% 27
\BOOKMARK [2][-]{subsection.4.2.3}{\376\377\0003\000.\000\040\000U\000s\000e\000r\000\040\000\050\000R\000o\000l\000e\000U\000s\000e\000r\000\051}{section.4.2}% 28
\BOOKMARK [2][-]{subsection.4.2.4}{\376\377\0004\000.\000\040\000V\000i\000e\000w\000e\000r\000\040\000\050\000R\000o\000l\000e\000V\000i\000e\000w\000e\000r\000\051}{section.4.2}% 29
\BOOKMARK [1][-]{section.4.3}{\376\377\000P\000e\000r\000m\000i\000s\000s\000i\000o\000n\000\040\000T\000y\000p\000e\000s}{chapter.4}% 30
\BOOKMARK [2][-]{subsection.4.3.1}{\376\377\000P\000e\000r\000s\000o\000n\000\040\000M\000a\000n\000a\000g\000e\000m\000e\000n\000t}{section.4.3}% 31
\BOOKMARK [2][-]{subsection.4.3.2}{\376\377\000G\000o\000o\000d\000s\000\040\000\046\000\040\000I\000n\000v\000e\000n\000t\000o\000r\000y}{section.4.3}% 32
\BOOKMARK [2][-]{subsection.4.3.3}{\376\377\000B\000i\000l\000l\000i\000n\000g}{section.4.3}% 33
\BOOKMARK [2][-]{subsection.4.3.4}{\376\377\000L\000o\000c\000a\000t\000i\000o\000n\000s\000\040\000\046\000\040\000W\000a\000r\000e\000h\000o\000u\000s\000e}{section.4.3}% 34
\BOOKMARK [2][-]{subsection.4.3.5}{\376\377\000A\000c\000c\000o\000u\000n\000t\000i\000n\000g\000\040\000\046\000\040\000F\000i\000n\000a\000n\000c\000e}{section.4.3}% 35
\BOOKMARK [2][-]{subsection.4.3.6}{\376\377\000O\000r\000d\000e\000r\000s\000\040\000\046\000\040\000O\000p\000e\000r\000a\000t\000i\000o\000n\000s}{section.4.3}% 36
\BOOKMARK [2][-]{subsection.4.3.7}{\376\377\000T\000a\000x\000e\000s\000\040\000\046\000\040\000C\000u\000r\000r\000e\000n\000c\000i\000e\000s}{section.4.3}% 37
\BOOKMARK [2][-]{subsection.4.3.8}{\376\377\000U\000s\000e\000r\000s\000\040\000\046\000\040\000S\000e\000t\000t\000i\000n\000g\000s}{section.4.3}% 38
\BOOKMARK [2][-]{subsection.4.3.9}{\376\377\000P\000a\000y\000r\000o\000l\000l}{section.4.3}% 39
\BOOKMARK [2][-]{subsection.4.3.10}{\376\377\000R\000e\000p\000o\000r\000t\000s\000\040\000\046\000\040\000A\000n\000a\000l\000y\000s\000i\000s}{section.4.3}% 40
\BOOKMARK [2][-]{subsection.4.3.11}{\376\377\000A\000d\000m\000i\000n\000i\000s\000t\000r\000a\000t\000i\000v\000e}{section.4.3}% 41
\BOOKMARK [1][-]{section.4.4}{\376\377\000A\000P\000I\000\040\000E\000n\000d\000p\000o\000i\000n\000t\000\040\000P\000e\000r\000m\000i\000s\000s\000i\000o\000n\000s}{chapter.4}% 42
\BOOKMARK [2][-]{subsection.4.4.1}{\376\377\000A\000u\000t\000h\000e\000n\000t\000i\000c\000a\000t\000i\000o\000n\000\040\000E\000n\000d\000p\000o\000i\000n\000t\000s\000\040\000\050\000N\000o\000\040\000A\000u\000t\000h\000\040\000R\000e\000q\000u\000i\000r\000e\000d\000\051}{section.4.4}% 43
\BOOKMARK [2][-]{subsection.4.4.2}{\376\377\000P\000r\000o\000t\000e\000c\000t\000e\000d\000\040\000E\000n\000d\000p\000o\000i\000n\000t\000s}{section.4.4}% 44
\BOOKMARK [1][-]{section.4.5}{\376\377\000I\000m\000p\000l\000e\000m\000e\000n\000t\000a\000t\000i\000o\000n\000\040\000D\000e\000t\000a\000i\000l\000s}{chapter.4}% 45
\BOOKMARK [2][-]{subsection.4.5.1}{\376\377\000R\000o\000l\000e\000-\000P\000e\000r\000m\000i\000s\000s\000i\000o\000n\000\040\000M\000a\000p\000p\000i\000n\000g}{section.4.5}% 46
\BOOKMARK [2][-]{subsection.4.5.2}{\376\377\000P\000e\000r\000m\000i\000s\000s\000i\000o\000n\000\040\000C\000h\000e\000c\000k\000i\000n\000g}{section.4.5}% 47
\BOOKMARK [2][-]{subsection.4.5.3}{\376\377\000A\000P\000I\000\040\000I\000n\000t\000e\000g\000r\000a\000t\000i\000o\000n}{section.4.5}% 48
\BOOKMARK [1][-]{section.4.6}{\376\377\000U\000s\000a\000g\000e\000\040\000E\000x\000a\000m\000p\000l\000e\000s}{chapter.4}% 49
\BOOKMARK [2][-]{subsection.4.6.1}{\376\377\000C\000h\000e\000c\000k\000i\000n\000g\000\040\000A\000d\000m\000i\000n\000\040\000A\000c\000c\000e\000s\000s}{section.4.6}% 50
\BOOKMARK [2][-]{subsection.4.6.2}{\376\377\000A\000s\000s\000i\000g\000n\000i\000n\000g\000\040\000P\000e\000r\000m\000i\000s\000s\000i\000o\000n\000s\000\040\000t\000o\000\040\000E\000n\000d\000p\000o\000i\000n\000t\000s}{section.4.6}% 51
\BOOKMARK [2][-]{subsection.4.6.3}{\376\377\000U\000s\000i\000n\000g\000\040\000R\000o\000l\000e\000s\000\040\000i\000n\000\040\000t\000h\000e\000\040\000A\000p\000p\000l\000i\000c\000a\000t\000i\000o\000n}{section.4.6}% 52
\BOOKMARK [1][-]{section.4.7}{\376\377\000T\000e\000s\000t\000i\000n\000g}{chapter.4}% 53
\BOOKMARK [1][-]{section.4.8}{\376\377\000F\000u\000t\000u\000r\000e\000\040\000E\000n\000h\000a\000n\000c\000e\000m\000e\000n\000t\000s}{chapter.4}% 54
\BOOKMARK [1][-]{section.4.9}{\376\377\000S\000e\000c\000u\000r\000i\000t\000y\000\040\000C\000o\000n\000s\000i\000d\000e\000r\000a\000t\000i\000o\000n\000s}{chapter.4}% 55
\BOOKMARK [1][-]{section.4.10}{\376\377\000C\000o\000n\000f\000i\000g\000u\000r\000a\000t\000i\000o\000n}{chapter.4}% 56
\BOOKMARK [1][-]{section.4.11}{\376\377\000S\000u\000p\000p\000o\000r\000t}{chapter.4}% 57
\BOOKMARK [0][-]{chapter.5}{\376\377\000D\000e\000v\000e\000l\000o\000p\000m\000e\000n\000t\000\040\000G\000u\000i\000d\000e\000:\000\040\000S\000u\000r\000y\000p\000u\000s\000\040\000E\000R\000P\000/\000C\000R\000M}{}% 58
\BOOKMARK [1][-]{section.5.1}{\376\377\004\037\004\076\004\064\004\063\004\076\004\102\004\076\004\062\004\072\004\060\000\040\004\076\004\072\004\100\004\103\004\066\004\065\004\075\004\070\004\117}{chapter.5}% 59
\BOOKMARK [2][-]{subsection.5.1.1}{\376\377\004\042\004\100\004\065\004\061\004\076\004\062\004\060\004\075\004\070\004\117}{section.5.1}% 60
\BOOKMARK [1][-]{section.5.2}{\376\377\004\041\004\061\004\076\004\100\004\072\004\060\000\040\004\070\000\040\004\067\004\060\004\077\004\103\004\101\004\072}{chapter.5}% 61
\BOOKMARK [1][-]{section.5.3}{\376\377\004\042\004\065\004\101\004\102\004\070\004\100\004\076\004\062\004\060\004\075\004\070\004\065}{chapter.5}% 62
\BOOKMARK [2][-]{subsection.5.3.1}{\376\377\004\042\004\065\004\101\004\102\004\076\004\062\004\060\004\117\000\040\004\061\004\060\004\067\004\060\000\040\004\064\004\060\004\075\004\075\004\113\004\105}{section.5.3}% 63
\BOOKMARK [1][-]{section.5.4}{\376\377\004\041\004\102\004\060\004\075\004\064\004\060\004\100\004\102\004\113\000\040\004\072\004\076\004\064\004\060}{chapter.5}% 64
\BOOKMARK [2][-]{subsection.5.4.1}{\376\377\004\041\004\102\004\070\004\073\004\114\000\040\000\050\000S\000t\000y\000l\000e\000\040\000G\000u\000i\000d\000e\000\051}{section.5.4}% 65
\BOOKMARK [2][-]{subsection.5.4.2}{\376\377\004\030\004\074\004\065\004\075\004\076\004\062\004\060\004\075\004\070\004\065}{section.5.4}% 66
\BOOKMARK [2][-]{subsection.5.4.3}{\376\377\004\040\004\060\004\061\004\076\004\102\004\060\000\040\004\101\000\040\004\102\004\070\004\077\004\060\004\074\004\070}{section.5.4}% 67
\BOOKMARK [1][-]{section.5.5}{\376\377\004\027\004\060\004\062\004\065\004\100\004\110\004\065\004\075\004\070\004\065\000\040\004\101\004\065\004\101\004\101\004\070\004\070\000\040\000\050\000S\000e\000s\000s\000i\000o\000n\000\040\000C\000o\000m\000p\000l\000e\000t\000i\000o\000n\000\051}{chapter.5}% 68
\BOOKMARK [2][-]{subsection.5.5.1}{\376\377\004\036\004\061\004\117\004\067\004\060\004\102\004\065\004\073\004\114\004\075\004\113\004\071\000\040\004\077\004\100\004\076\004\106\004\065\004\101\004\101\000:}{section.5.5}% 69
\BOOKMARK [0][-]{chapter.6}{\376\377\000O\000p\000e\000r\000a\000t\000i\000o\000n\000s\000\040\000G\000u\000i\000d\000e\000:\000\040\000S\000u\000r\000y\000p\000u\000s\000\040\000E\000R\000P\000/\000C\000R\000M}{}% 70
\BOOKMARK [1][-]{section.6.1}{\376\377\000D\000o\000c\000k\000e\000r}{chapter.6}% 71
\BOOKMARK [2][-]{subsection.6.1.1}{\376\377\004\041\004\065\004\100\004\062\004\070\004\101\004\113}{section.6.1}% 72
\BOOKMARK [1][-]{section.6.2}{\376\377\004\034\004\070\004\063\004\100\004\060\004\106\004\070\004\070\000\040\004\061\004\060\004\067\004\113\000\040\004\064\004\060\004\075\004\075\004\113\004\105}{chapter.6}% 73
\BOOKMARK [2][-]{subsection.6.2.1}{\376\377\004\037\004\076\004\100\004\117\004\064\004\076\004\072\000\040\004\064\004\076\004\061\004\060\004\062\004\073\004\065\004\075\004\070\004\117\000\040\004\075\004\076\004\062\004\076\004\071\000\040\004\074\004\070\004\063\004\100\004\060\004\106\004\070\004\070}{section.6.2}% 74
\BOOKMARK [1][-]{section.6.3}{\376\377\004\044\004\076\004\075\004\076\004\062\004\113\004\065\000\040\004\067\004\060\004\064\004\060\004\107\004\070\000\040\000\050\000J\000o\000b\000s\000\051}{chapter.6}% 75
\BOOKMARK [2][-]{subsection.6.3.1}{\376\377\004\042\004\070\004\077\004\113\000\040\004\067\004\060\004\064\004\060\004\107}{section.6.3}% 76
\BOOKMARK [1][-]{section.6.4}{\376\377\004\035\004\060\004\061\004\073\004\116\004\064\004\060\004\065\004\074\004\076\004\101\004\102\004\114\000\040\000\050\000O\000b\000s\000e\000r\000v\000a\000b\000i\000l\000i\000t\000y\000\051}{chapter.6}% 77
\BOOKMARK [1][-]{section.6.5}{\376\377\000C\000I\000/\000C\000D}{chapter.6}% 78
